31.01.2025 18:29:47 - Array
(
)

31.01.2025 18:29:47 - Nic sa neposlalo
31.01.2025 18:29:48 - Array
(
)

31.01.2025 18:29:48 - Nic sa neposlalo
31.01.2025 18:30:00 - Array
(
    [id] => 11111
    [eled] => 111
    [elen] => 111
    [pln] => 111
    [vod] => EEE
    [tepvn] => 111
)

31.01.2025 18:30:03 - Array
(
    [id] => 11111
    [eled] => 111
    [elen] => 111
    [pln] => 111
    [vod] => EEE
    [tepvn] => 111
)

03.02.2025 11:29:55 - Array
(
    [id] => 11111
    [eled] => 111
    [elen] => 111
    [pln] => 111
    [vod] => EEE
    [tepvn] => 111
)

03.02.2025 15:47:26 - Array
(
    [id] => 11111
    [eled] => 111
    [elen] => 111
    [pln] => 111
    [vod] => EEE
    [tepvn] => 111
)

03.02.2025 15:47:29 - Array
(
    [id] => 11111
    [eled] => 111
    [elen] => 111
    [pln] => 111
    [vod] => EEE
    [tepvn] => 111
)

03.02.2025 15:47:31 - Array
(
    [id] => 11111
    [eled] => 111
    [elen] => 111
    [pln] => 111
    [vod] => EEE
    [tepvn] => 111
)

03.02.2025 15:52:03 - Array
(
    [id] => 11111
    [eled] => 111
    [elen] => 111
    [pln] => 111
    [vod] => EEE
    [tepvn] => 111
)

03.02.2025 15:55:36 - Array
(
    [id] => 11111
    [eled] => 111
    [elen] => 111
    [pln] => 111
    [vod] => EEE
    [tepvn] => 111
)

03.02.2025 16:09:05 - Array
(
)

03.02.2025 16:09:05 - Nic sa neposlalo
03.02.2025 16:09:50 - Array
(
    [id] => 11111
    [eled] => 111
    [elen] => 111
    [pln] => 111
    [vod] => EEE
    [tepvn] => 111
)

03.02.2025 16:10:05 - Array
(
    [id] => 11111
    [eled] => 111
    [elen] => 111
    [pln] => 111
    [vod] => EEE
    [tepvn] => 111
)

03.02.2025 16:36:36 - Array
(
    [id] => 00650008D
    [eled] => 0
    [pln] => 0
    [vod] => 15920
)

03.02.2025 16:46:36 - Array
(
    [id] => 00650008D
    [eled] => 0
    [pln] => 0
    [vod] => 15933
)

03.02.2025 16:56:36 - Array
(
    [id] => 00650008D
    [eled] => 0
    [pln] => 0
    [vod] => 15942
)

03.02.2025 17:06:37 - Array
(
    [id] => 00650008D
    [eled] => 0
    [pln] => 0
    [vod] => 15951
)

03.02.2025 17:16:24 - Array
(
    [id] => 00650008D
    [eled] => 0
    [pln] => 0
    [vod] => 15970
)

03.02.2025 17:24:15 - Array
(
    [id] => 00650008D
    [eled] => 0
    [pln] => 0
    [vod] => 15974
)

03.02.2025 17:34:16 - Array
(
    [id] => 00650008D
    [eled] => 0
    [pln] => 0
    [vod] => 16036
)

03.02.2025 17:44:16 - Array
(
    [id] => 00650008D
    [eled] => 0
    [pln] => 0
    [vod] => 16116
)

03.02.2025 17:54:17 - Array
(
    [id] => 00650008D
    [eled] => 0
    [pln] => 0
    [vod] => 16165
)

03.02.2025 17:59:18 - Array
(
    [id] => 00650008D\
    [eled] => 16169
    [pln] => 0
    [vod] => 0
)

03.02.2025 18:09:18 - Array
(
    [id] => 00650008D
    [eled] => 16178
    [pln] => 0
    [vod] => 0
)

03.02.2025 18:19:19 - Array
(
    [id] => 00650008D
    [eled] => 16183
    [pln] => 0
    [vod] => 0
)

03.02.2025 18:29:19 - Array
(
    [id] => 00650008D
    [eled] => 16190
    [pln] => 0
    [vod] => 0
)

03.02.2025 18:39:20 - Array
(
    [id] => 00650008D
    [eled] => 16199
    [pln] => 0
    [vod] => 0
)

03.02.2025 18:49:20 - Array
(
    [id] => 00650008D
    [eled] => 16208
    [pln] => 0
    [vod] => 0
)

03.02.2025 18:59:21 - Array
(
    [id] => 00650008D
    [eled] => 16219
    [pln] => 0
    [vod] => 0
)

03.02.2025 19:09:21 - Array
(
    [id] => 00650008D
    [eled] => 16226
    [pln] => 0
    [vod] => 0
)

03.02.2025 19:19:21 - Array
(
    [id] => 00650008D
    [eled] => 16235
    [pln] => 0
    [vod] => 0
)

03.02.2025 19:29:22 - Array
(
    [id] => 00650008D
    [eled] => 16243
    [pln] => 0
    [vod] => 0
)

03.02.2025 19:39:22 - Array
(
    [id] => 00650008D
    [eled] => 16272
    [pln] => 0
    [vod] => 0
)

03.02.2025 19:49:23 - Array
(
    [id] => 00650008D
    [eled] => 16327
    [pln] => 0
    [vod] => 0
)

03.02.2025 19:59:23 - Array
(
    [id] => 00650008D
    [eled] => 16340
    [pln] => 0
    [vod] => 0
)

03.02.2025 20:09:24 - Array
(
    [id] => 00650008D
    [eled] => 16347
    [pln] => 0
    [vod] => 0
)

03.02.2025 20:19:24 - Array
(
    [id] => 00650008D
    [eled] => 16360
    [pln] => 0
    [vod] => 0
)

03.02.2025 20:29:25 - Array
(
    [id] => 00650008D
    [eled] => 16367
    [pln] => 0
    [vod] => 0
)

03.02.2025 20:39:25 - Array
(
    [id] => 00650008D
    [eled] => 16375
    [pln] => 0
    [vod] => 0
)

03.02.2025 20:49:25 - Array
(
    [id] => 00650008D
    [eled] => 16384
    [pln] => 0
    [vod] => 0
)

03.02.2025 20:59:26 - Array
(
    [id] => 00650008D
    [eled] => 16389
    [pln] => 0
    [vod] => 0
)

03.02.2025 21:09:26 - Array
(
    [id] => 00650008D
    [eled] => 16397
    [pln] => 0
    [vod] => 0
)

03.02.2025 21:19:27 - Array
(
    [id] => 00650008D
    [eled] => 16404
    [pln] => 0
    [vod] => 0
)

03.02.2025 21:29:27 - Array
(
    [id] => 00650008D
    [eled] => 16410
    [pln] => 0
    [vod] => 0
)

03.02.2025 21:39:28 - Array
(
    [id] => 00650008D
    [eled] => 16420
    [pln] => 0
    [vod] => 0
)

03.02.2025 21:49:28 - Array
(
    [id] => 00650008D
    [eled] => 16428
    [pln] => 0
    [vod] => 0
)

03.02.2025 21:59:28 - Array
(
    [id] => 00650008D
    [eled] => 16435
    [pln] => 0
    [vod] => 0
)

03.02.2025 22:09:29 - Array
(
    [id] => 00650008D
    [eled] => 16440
    [pln] => 0
    [vod] => 0
)

03.02.2025 22:19:29 - Array
(
    [id] => 00650008D
    [eled] => 16453
    [pln] => 0
    [vod] => 0
)

03.02.2025 22:29:30 - Array
(
    [id] => 00650008D
    [eled] => 16464
    [pln] => 0
    [vod] => 0
)

03.02.2025 22:39:30 - Array
(
    [id] => 00650008D
    [eled] => 16470
    [pln] => 0
    [vod] => 0
)

03.02.2025 22:49:31 - Array
(
    [id] => 00650008D
    [eled] => 16477
    [pln] => 0
    [vod] => 0
)

03.02.2025 22:59:31 - Array
(
    [id] => 00650008D
    [eled] => 16482
    [pln] => 0
    [vod] => 0
)

03.02.2025 23:09:32 - Array
(
    [id] => 00650008D
    [eled] => 16486
    [pln] => 0
    [vod] => 0
)

03.02.2025 23:19:32 - Array
(
    [id] => 00650008D
    [eled] => 16493
    [pln] => 0
    [vod] => 0
)

03.02.2025 23:29:33 - Array
(
    [id] => 00650008D
    [eled] => 16506
    [pln] => 0
    [vod] => 0
)

03.02.2025 23:39:33 - Array
(
    [id] => 00650008D
    [eled] => 16514
    [pln] => 0
    [vod] => 0
)

03.02.2025 23:49:34 - Array
(
    [id] => 00650008D
    [eled] => 16521
    [pln] => 0
    [vod] => 0
)

03.02.2025 23:59:34 - Array
(
    [id] => 00650008D
    [eled] => 16527
    [pln] => 0
    [vod] => 0
)

04.02.2025 00:09:35 - Array
(
    [id] => 00650008D
    [eled] => 16530
    [pln] => 0
    [vod] => 0
)

04.02.2025 00:19:35 - Array
(
    [id] => 00650008D
    [eled] => 16544
    [pln] => 0
    [vod] => 0
)

04.02.2025 00:29:35 - Array
(
    [id] => 00650008D
    [eled] => 16553
    [pln] => 0
    [vod] => 0
)

04.02.2025 00:39:35 - Array
(
    [id] => 00650008D
    [eled] => 16558
    [pln] => 0
    [vod] => 0
)

04.02.2025 00:49:36 - Array
(
    [id] => 00650008D
    [eled] => 16565
    [pln] => 0
    [vod] => 0
)

04.02.2025 00:59:36 - Array
(
    [id] => 00650008D
    [eled] => 16571
    [pln] => 0
    [vod] => 0
)

04.02.2025 01:09:37 - Array
(
    [id] => 00650008D
    [eled] => 16578
    [pln] => 0
    [vod] => 0
)

04.02.2025 01:19:37 - Array
(
    [id] => 00650008D
    [eled] => 16592
    [pln] => 0
    [vod] => 0
)

04.02.2025 01:29:38 - Array
(
    [id] => 00650008D
    [eled] => 16602
    [pln] => 0
    [vod] => 0
)

04.02.2025 01:39:38 - Array
(
    [id] => 00650008D
    [eled] => 16610
    [pln] => 0
    [vod] => 0
)

04.02.2025 01:49:38 - Array
(
    [id] => 00650008D
    [eled] => 16617
    [pln] => 0
    [vod] => 0
)

04.02.2025 01:59:39 - Array
(
    [id] => 00650008D
    [eled] => 16623
    [pln] => 0
    [vod] => 0
)

04.02.2025 02:09:39 - Array
(
    [id] => 00650008D
    [eled] => 16629
    [pln] => 0
    [vod] => 0
)

04.02.2025 02:19:40 - Array
(
    [id] => 00650008D
    [eled] => 16637
    [pln] => 0
    [vod] => 0
)

04.02.2025 02:29:40 - Array
(
    [id] => 00650008D
    [eled] => 16643
    [pln] => 0
    [vod] => 0
)

04.02.2025 02:39:40 - Array
(
    [id] => 00650008D
    [eled] => 16646
    [pln] => 0
    [vod] => 0
)

04.02.2025 02:49:40 - Array
(
    [id] => 00650008D
    [eled] => 16653
    [pln] => 0
    [vod] => 0
)

04.02.2025 02:59:41 - Array
(
    [id] => 00650008D
    [eled] => 16663
    [pln] => 0
    [vod] => 0
)

04.02.2025 03:09:41 - Array
(
    [id] => 00650008D
    [eled] => 16673
    [pln] => 0
    [vod] => 0
)

04.02.2025 03:19:41 - Array
(
    [id] => 00650008D
    [eled] => 16682
    [pln] => 0
    [vod] => 0
)

04.02.2025 03:29:41 - Array
(
    [id] => 00650008D
    [eled] => 16686
    [pln] => 0
    [vod] => 0
)

04.02.2025 03:39:42 - Array
(
    [id] => 00650008D
    [eled] => 16690
    [pln] => 0
    [vod] => 0
)

04.02.2025 03:49:42 - Array
(
    [id] => 00650008D
    [eled] => 16698
    [pln] => 0
    [vod] => 0
)

04.02.2025 03:59:42 - Array
(
    [id] => 00650008D
    [eled] => 16705
    [pln] => 0
    [vod] => 0
)

04.02.2025 04:09:43 - Array
(
    [id] => 00650008D
    [eled] => 16720
    [pln] => 0
    [vod] => 0
)

04.02.2025 04:19:43 - Array
(
    [id] => 00650008D
    [eled] => 16729
    [pln] => 0
    [vod] => 0
)

04.02.2025 04:29:44 - Array
(
    [id] => 00650008D
    [eled] => 16736
    [pln] => 0
    [vod] => 0
)

04.02.2025 04:39:49 - Array
(
    [id] => 00650008D
    [eled] => 16741
    [pln] => 0
    [vod] => 0
)

04.02.2025 04:49:49 - Array
(
    [id] => 00650008D
    [eled] => 16748
    [pln] => 0
    [vod] => 0
)

04.02.2025 04:59:50 - Array
(
    [id] => 00650008D
    [eled] => 16755
    [pln] => 0
    [vod] => 0
)

04.02.2025 05:09:50 - Array
(
    [id] => 00650008D
    [eled] => 16763
    [pln] => 0
    [vod] => 0
)

04.02.2025 05:19:51 - Array
(
    [id] => 00650008D
    [eled] => 16770
    [pln] => 0
    [vod] => 0
)

04.02.2025 05:29:51 - Array
(
    [id] => 00650008D
    [eled] => 16777
    [pln] => 0
    [vod] => 0
)

04.02.2025 05:39:52 - Array
(
    [id] => 00650008D
    [eled] => 16781
    [pln] => 0
    [vod] => 0
)

04.02.2025 05:49:52 - Array
(
    [id] => 00650008D
    [eled] => 16790
    [pln] => 0
    [vod] => 0
)

04.02.2025 05:59:53 - Array
(
    [id] => 00650008D
    [eled] => 16800
    [pln] => 0
    [vod] => 0
)

04.02.2025 06:09:53 - Array
(
    [id] => 00650008D
    [eled] => 16812
    [pln] => 0
    [vod] => 0
)

04.02.2025 06:19:54 - Array
(
    [id] => 00650008D
    [eled] => 16819
    [pln] => 0
    [vod] => 0
)

04.02.2025 06:29:54 - Array
(
    [id] => 00650008D
    [eled] => 16825
    [pln] => 0
    [vod] => 0
)

04.02.2025 06:39:55 - Array
(
    [id] => 00650008D
    [eled] => 16833
    [pln] => 0
    [vod] => 0
)

04.02.2025 06:49:55 - Array
(
    [id] => 00650008D
    [eled] => 16840
    [pln] => 0
    [vod] => 0
)

04.02.2025 06:59:55 - Array
(
    [id] => 00650008D
    [eled] => 16855
    [pln] => 0
    [vod] => 0
)

04.02.2025 07:09:56 - Array
(
    [id] => 00650008D
    [eled] => 16869
    [pln] => 0
    [vod] => 0
)

04.02.2025 07:19:57 - Array
(
    [id] => 00650008D
    [eled] => 16879
    [pln] => 0
    [vod] => 0
)

04.02.2025 07:29:57 - Array
(
    [id] => 00650008D
    [eled] => 16887
    [pln] => 0
    [vod] => 0
)

04.02.2025 07:39:57 - Array
(
    [id] => 00650008D
    [eled] => 16898
    [pln] => 0
    [vod] => 0
)

04.02.2025 07:49:57 - Array
(
    [id] => 00650008D
    [eled] => 16906
    [pln] => 0
    [vod] => 0
)

04.02.2025 07:59:58 - Array
(
    [id] => 00650008D
    [eled] => 16922
    [pln] => 0
    [vod] => 0
)

04.02.2025 08:09:58 - Array
(
    [id] => 00650008D
    [eled] => 16936
    [pln] => 0
    [vod] => 0
)

04.02.2025 08:19:59 - Array
(
    [id] => 00650008D
    [eled] => 16945
    [pln] => 0
    [vod] => 0
)

04.02.2025 08:29:59 - Array
(
    [id] => 00650008D
    [eled] => 16969
    [pln] => 0
    [vod] => 0
)

04.02.2025 08:40:00 - Array
(
    [id] => 00650008D
    [eled] => 17027
    [pln] => 0
    [vod] => 0
)

04.02.2025 08:50:00 - Array
(
    [id] => 00650008D
    [eled] => 17040
    [pln] => 0
    [vod] => 0
)

04.02.2025 09:00:00 - Array
(
    [id] => 00650008D
    [eled] => 17051
    [pln] => 0
    [vod] => 0
)

04.02.2025 09:10:00 - Array
(
    [id] => 00650008D
    [eled] => 17060
    [pln] => 0
    [vod] => 0
)

04.02.2025 09:20:01 - Array
(
    [id] => 00650008D
    [eled] => 17067
    [pln] => 0
    [vod] => 0
)

04.02.2025 09:30:01 - Array
(
    [id] => 00650008D
    [eled] => 17088
    [pln] => 0
    [vod] => 0
)

04.02.2025 09:40:02 - Array
(
    [id] => 00650008D
    [eled] => 17144
    [pln] => 0
    [vod] => 0
)

04.02.2025 09:50:02 - Array
(
    [id] => 00650008D
    [eled] => 17200
    [pln] => 0
    [vod] => 0
)

04.02.2025 10:00:03 - Array
(
    [id] => 00650008D
    [eled] => 17216
    [pln] => 0
    [vod] => 0
)

04.02.2025 10:10:03 - Array
(
    [id] => 00650008D
    [eled] => 17228
    [pln] => 0
    [vod] => 0
)

04.02.2025 10:20:03 - Array
(
    [id] => 00650008D
    [eled] => 17240
    [pln] => 0
    [vod] => 0
)

04.02.2025 10:30:04 - Array
(
    [id] => 00650008D
    [eled] => 17249
    [pln] => 0
    [vod] => 0
)

04.02.2025 10:40:05 - Array
(
    [id] => 00650008D
    [eled] => 17263
    [pln] => 0
    [vod] => 0
)

04.02.2025 10:50:05 - Array
(
    [id] => 00650008D
    [eled] => 17272
    [pln] => 0
    [vod] => 0
)

04.02.2025 11:00:06 - Array
(
    [id] => 00650008D
    [eled] => 17281
    [pln] => 0
    [vod] => 0
)

04.02.2025 11:10:06 - Array
(
    [id] => 00650008D
    [eled] => 17289
    [pln] => 0
    [vod] => 0
)

04.02.2025 11:20:06 - Array
(
    [id] => 00650008D
    [eled] => 17296
    [pln] => 0
    [vod] => 0
)

04.02.2025 11:30:06 - Array
(
    [id] => 00650008D
    [eled] => 17337
    [pln] => 0
    [vod] => 0
)

04.02.2025 11:40:07 - Array
(
    [id] => 00650008D
    [eled] => 17443
    [pln] => 0
    [vod] => 0
)

04.02.2025 11:50:07 - Array
(
    [id] => 00650008D
    [eled] => 17830
    [pln] => 0
    [vod] => 0
)

04.02.2025 12:00:07 - Array
(
    [id] => 00650008D
    [eled] => 18278
    [pln] => 0
    [vod] => 0
)

04.02.2025 12:10:07 - Array
(
    [id] => 00650008D
    [eled] => 18775
    [pln] => 0
    [vod] => 0
)

04.02.2025 12:20:08 - Array
(
    [id] => 00650008D
    [eled] => 19290
    [pln] => 0
    [vod] => 0
)

04.02.2025 12:30:08 - Array
(
    [id] => 00650008D
    [eled] => 19787
    [pln] => 0
    [vod] => 0
)

04.02.2025 12:40:09 - Array
(
    [id] => 00650008D
    [eled] => 20262
    [pln] => 0
    [vod] => 0
)

04.02.2025 12:50:09 - Array
(
    [id] => 00650008D
    [eled] => 20748
    [pln] => 0
    [vod] => 0
)

04.02.2025 13:00:10 - Array
(
    [id] => 00650008D
    [eled] => 21201
    [pln] => 0
    [vod] => 0
)

04.02.2025 13:10:11 - Array
(
    [id] => 00650008D
    [eled] => 21582
    [pln] => 0
    [vod] => 0
)

04.02.2025 13:20:11 - Array
(
    [id] => 00650008D
    [eled] => 21986
    [pln] => 0
    [vod] => 0
)

04.02.2025 13:30:12 - Array
(
    [id] => 00650008D
    [eled] => 22255
    [pln] => 0
    [vod] => 0
)

04.02.2025 13:40:12 - Array
(
    [id] => 00650008D
    [eled] => 22495
    [pln] => 0
    [vod] => 0
)

04.02.2025 13:50:12 - Array
(
    [id] => 00650008D
    [eled] => 22625
    [pln] => 0
    [vod] => 0
)

04.02.2025 14:00:13 - Array
(
    [id] => 00650008D
    [eled] => 22725
    [pln] => 0
    [vod] => 0
)

04.02.2025 14:10:13 - Array
(
    [id] => 00650008D
    [eled] => 22892
    [pln] => 0
    [vod] => 0
)

04.02.2025 14:20:14 - Array
(
    [id] => 00650008D
    [eled] => 23060
    [pln] => 0
    [vod] => 0
)

04.02.2025 14:30:14 - Array
(
    [id] => 00650008D
    [eled] => 23111
    [pln] => 0
    [vod] => 0
)

04.02.2025 14:40:15 - Array
(
    [id] => 00650008D
    [eled] => 23138
    [pln] => 0
    [vod] => 0
)

04.02.2025 14:50:15 - Array
(
    [id] => 00650008D
    [eled] => 23189
    [pln] => 0
    [vod] => 0
)

04.02.2025 15:00:15 - Array
(
    [id] => 00650008D
    [eled] => 23204
    [pln] => 0
    [vod] => 0
)

04.02.2025 15:10:15 - Array
(
    [id] => 00650008D
    [eled] => 23216
    [pln] => 0
    [vod] => 0
)

04.02.2025 15:20:15 - Array
(
    [id] => 00650008D
    [eled] => 23228
    [pln] => 0
    [vod] => 0
)

04.02.2025 15:30:16 - Array
(
    [id] => 00650008D
    [eled] => 23239
    [pln] => 0
    [vod] => 0
)

04.02.2025 15:40:16 - Array
(
    [id] => 00650008D
    [eled] => 23247
    [pln] => 0
    [vod] => 0
)

